(node:3368) [MONGOOSE] DeprecationWarning: Mongoose: the `strictQuery` option will be switched back to `false` by default in Mongoose 7. Use `mongoose.set('strictQuery', false);` if you want to prepare for this change. Or use `mongoose.set('strictQuery', true);` to suppress this warning.
(Use `node --trace-deprecation ...` to show where the warning was created)
2026-02-27 14:28:11 [32minfo[39m: ::ffff:127.0.0.1 - - [27/Feb/2026:08:58:11 +0000] "POST /api/v1/register HTTP/1.1" 201 603 "-" "-"
2026-02-27 14:28:11 [32minfo[39m: ::ffff:127.0.0.1 - - [27/Feb/2026:08:58:11 +0000] "POST /api/v1/register HTTP/1.1" 201 603 "-" "-"
2026-02-27 14:28:11 [32minfo[39m: ::ffff:127.0.0.1 - - [27/Feb/2026:08:58:11 +0000] "POST /api/v1/register HTTP/1.1" 400 53 "-" "-"
2026-02-27 14:28:11 [32minfo[39m: ::ffff:127.0.0.1 - - [27/Feb/2026:08:58:11 +0000] "POST /api/v1/login HTTP/1.1" 401 69 "-" "-"
2026-02-27 14:28:11 [32minfo[39m: ::ffff:127.0.0.1 - - [27/Feb/2026:08:58:11 +0000] "POST /api/v1/login HTTP/1.1" 401 69 "-" "-"
2026-02-27 14:28:11 [32minfo[39m: ::ffff:127.0.0.1 - - [27/Feb/2026:08:58:11 +0000] "POST /api/v1/login HTTP/1.1" 401 69 "-" "-"
2026-02-27 14:28:11 [32minfo[39m: ::ffff:127.0.0.1 - - [27/Feb/2026:08:58:11 +0000] "GET /api/v1/me HTTP/1.1" 401 65 "-" "-"
2026-02-27 14:28:11 [32minfo[39m: ::ffff:127.0.0.1 - - [27/Feb/2026:08:58:11 +0000] "GET /api/v1/me HTTP/1.1" 401 79 "-" "-"
FAIL ../tests/integration/auth.test.js (20.418 s)
  Auth API Integration Tests
    √ 1. Should register a new user (667 ms)
    √ 2. Should not register a user with duplicate email (445 ms)
    × 3. Should login the user (99 ms)
    √ 4. Should fail to login with invalid password (58 ms)
    √ 5. Should fail to login with invalid email (88 ms)
    × 6. Token validation - Should get user details (me) with valid token (84 ms)
    √ 7. Token validation - Should fail get user details with invalid token (56 ms)

  ● Auth API Integration Tests › 3. Should login the user

    expect(received).toEqual(expected) // deep equality

    Expected: 200
    Received: 401

    [0m [90m 51 |[39m             })[33m;[39m
     [90m 52 |[39m
    [31m[1m>[22m[39m[90m 53 |[39m         expect(res[33m.[39mstatusCode)[33m.[39mtoEqual([35m200[39m)[33m;[39m
     [90m    |[39m                                [31m[1m^[22m[39m
     [90m 54 |[39m         expect(res[33m.[39mbody[33m.[39msuccess)[33m.[39mtoBe([36mtrue[39m)[33m;[39m
     [90m 55 |[39m         expect(res[33m.[39mbody[33m.[39mtoken)[33m.[39mtoBeDefined()[33m;[39m
     [90m 56 |[39m         token [33m=[39m res[33m.[39mbody[33m.[39mtoken[33m;[39m [90m// Save for later tests[39m[0m

      at toEqual (tests/integration/auth.test.js:53:32)
      at call (tests/integration/auth.test.js:2:1)
      at Generator.tryCatch (tests/integration/auth.test.js:2:1)
      at Generator._invoke [as next] (tests/integration/auth.test.js:2:1)
      at asyncGeneratorStep (tests/integration/auth.test.js:2:1)
      at asyncGeneratorStep (tests/integration/auth.test.js:2:1)

  ● Auth API Integration Tests › 6. Token validation - Should get user details (me) with valid token

    expect(received).toEqual(expected) // deep equality

    Expected: 200
    Received: 401

    [0m [90m 86 |[39m             [33m.[39m[36mset[39m([32m'Cookie'[39m[33m,[39m [[32m`token=${token}`[39m])[33m;[39m [90m// assuming token is in cookie as per setCookie[39m
     [90m 87 |[39m
    [31m[1m>[22m[39m[90m 88 |[39m         expect(res[33m.[39mstatusCode)[33m.[39mtoEqual([35m200[39m)[33m;[39m
     [90m    |[39m                                [31m[1m^[22m[39m
     [90m 89 |[39m         expect(res[33m.[39mbody[33m.[39msuccess)[33m.[39mtoBe([36mtrue[39m)[33m;[39m
     [90m 90 |[39m         expect(res[33m.[39mbody[33m.[39muser[33m.[39memail)[33m.[39mtoBe(testUser[33m.[39memail)[33m;[39m
     [90m 91 |[39m     })[33m;[39m[0m

      at toEqual (tests/integration/auth.test.js:88:32)
      at call (tests/integration/auth.test.js:2:1)
      at Generator.tryCatch (tests/integration/auth.test.js:2:1)
      at Generator._invoke [as next] (tests/integration/auth.test.js:2:1)
      at asyncGeneratorStep (tests/integration/auth.test.js:2:1)
      at asyncGeneratorStep (tests/integration/auth.test.js:2:1)

Test Suites: 1 failed, 1 total
Tests:       2 failed, 5 passed, 7 total
Snapshots:   0 total
Time:        20.71 s
Ran all test suites matching /tests\\integration\\auth.test.js/i.
